phages=790 samples=1580 unique proteins=1432
split sizes train=1106 val=158 test=316
epoch  1 loss=0.6939 val AUROC=0.562 AUPRC=0.583 acc=0.500
epoch  2 loss=0.6934 val AUROC=0.598 AUPRC=0.624 acc=0.500
epoch  3 loss=0.6933 val AUROC=0.607 AUPRC=0.636 acc=0.500
epoch  4 loss=0.6933 val AUROC=0.607 AUPRC=0.609 acc=0.500
epoch  5 loss=0.6932 val AUROC=0.607 AUPRC=0.608 acc=0.500
epoch  6 loss=0.6933 val AUROC=0.607 AUPRC=0.614 acc=0.500
epoch  7 loss=0.6932 val AUROC=0.609 AUPRC=0.575 acc=0.500
epoch  8 loss=0.6932 val AUROC=0.607 AUPRC=0.555 acc=0.500
epoch  9 loss=0.6933 val AUROC=0.609 AUPRC=0.618 acc=0.500
epoch 10 loss=0.6932 val AUROC=0.606 AUPRC=0.594 acc=0.500
epoch 11 loss=0.6936 val AUROC=0.580 AUPRC=0.612 acc=0.500
epoch 12 loss=0.6931 val AUROC=0.602 AUPRC=0.595 acc=0.500
epoch 13 loss=0.6932 val AUROC=0.562 AUPRC=0.573 acc=0.500
epoch 14 loss=0.6932 val AUROC=0.581 AUPRC=0.590 acc=0.500
epoch 15 loss=0.6932 val AUROC=0.597 AUPRC=0.607 acc=0.500
epoch 16 loss=0.6932 val AUROC=0.561 AUPRC=0.593 acc=0.500
epoch 17 loss=0.6932 val AUROC=0.563 AUPRC=0.594 acc=0.500
epoch 18 loss=0.6932 val AUROC=0.575 AUPRC=0.613 acc=0.500
epoch 19 loss=0.6932 val AUROC=0.582 AUPRC=0.607 acc=0.500
epoch 20 loss=0.6932 val AUROC=0.586 AUPRC=0.612 acc=0.500
epoch 21 loss=0.6932 val AUROC=0.585 AUPRC=0.614 acc=0.500
epoch 22 loss=0.6933 val AUROC=0.589 AUPRC=0.632 acc=0.500
epoch 23 loss=0.6932 val AUROC=0.593 AUPRC=0.616 acc=0.500
epoch 24 loss=0.6932 val AUROC=0.588 AUPRC=0.622 acc=0.500
epoch 25 loss=0.6932 val AUROC=0.594 AUPRC=0.631 acc=0.500
epoch 26 loss=0.6932 val AUROC=0.584 AUPRC=0.626 acc=0.500
epoch 27 loss=0.6932 val AUROC=0.580 AUPRC=0.629 acc=0.500
epoch 28 loss=0.6932 val AUROC=0.574 AUPRC=0.625 acc=0.500
epoch 29 loss=0.6932 val AUROC=0.606 AUPRC=0.651 acc=0.500
epoch 30 loss=0.6935 val AUROC=0.593 AUPRC=0.631 acc=0.500
CHOICE ACCURACY (test phages): 0.608 (96/158)
BASELINE KMER-LR  test AUROC=0.910 AUPRC=0.915 acc=0.867

TEST  AUROC=0.612 AUPRC=0.596 acc=0.500
runtime 131.9s
