/home/sandbox/mega27/mega27-08-phage-design/external/php/
/home/sandbox/.local/lib/python3.10/site-packages/sklearn/base.py:442: InconsistentVersionWarning: Trying to unpickle estimator GaussianMixture from version 0.22 when using version 1.7.2. This might lead to breaking code or invalid results. Use at your own risk. For more info please refer to:
https://scikit-learn.org/stable/model_persistence.html#security-maintainability-limitations
  warnings.warn(
bacteriaNum 60105
Counting score	 PZ379541.fasta 1/158
Counting score	 OQ817854.fasta 2/158
Counting score	 PZ797503.fasta 3/158
Counting score	 PZ433559.fasta 4/158
Counting score	 PZ386961.fasta 5/158
Counting score	 PZ440473.fasta 6/158
Counting score	 NC_105106.fasta 7/158
Counting score	 PV357749.fasta 8/158
Counting score	 PZ542107.fasta 9/158
Counting score	 PZ445405.fasta 10/158
Counting score	 PZ445463.fasta 11/158
Counting score	 PZ227171.fasta 12/158
Counting score	 OM867526.fasta 13/158
Counting score	 PZ166176.fasta 14/158
Counting score	 PX670413.fasta 15/158
Counting score	 PZ618369.fasta 16/158
Counting score	 PV402687.fasta 17/158
Counting score	 PX904472.fasta 18/158
Counting score	 PZ683213.fasta 19/158
Counting score	 PZ445530.fasta 20/158
Counting score	 PZ445470.fasta 21/158
Counting score	 PX670415.fasta 22/158
Counting score	 PZ445542.fasta 23/158
Counting score	 PZ445411.fasta 24/158
Counting score	 OM418625.fasta 25/158
Counting score	 PZ871097.fasta 26/158
Counting score	 PZ736737.fasta 27/158
Counting score	 PZ534532.fasta 28/158
Counting score	 PQ821741.fasta 29/158
Counting score	 PZ386948.fasta 30/158
Counting score	 PZ386970.fasta 31/158
Counting score	 PZ386947.fasta 32/158
Counting score	 PZ445516.fasta 33/158
Counting score	 PX315804.fasta 34/158
Counting score	 PZ533735.fasta 35/158
Counting score	 NC_104629.fasta 36/158
Counting score	 PV357746.fasta 37/158
Counting score	 PZ787336.fasta 38/158
Counting score	 PZ789118.fasta 39/158
Counting score	 PZ445424.fasta 40/158
Counting score	 PX130993.fasta 41/158
Counting score	 PX024856.fasta 42/158
Counting score	 PX943615.fasta 43/158
Counting score	 PZ533743.fasta 44/158
Counting score	 OR090985.fasta 45/158
Counting score	 PZ386963.fasta 46/158
Counting score	 PX666696.fasta 47/158
Counting score	 PX411090.fasta 48/158
Counting score	 PZ445460.fasta 49/158
Counting score	 NC_130765.fasta 50/158
Counting score	 OM867527.fasta 51/158
Counting score	 PV872879.fasta 52/158
Counting score	 NC_105113.fasta 53/158
Counting score	 PQ621122.fasta 54/158
Counting score	 PZ315864.fasta 55/158
Counting score	 PZ445425.fasta 56/158
Counting score	 PX060902.fasta 57/158
Counting score	 PZ445487.fasta 58/158
Counting score	 PZ357121.fasta 59/158
Counting score	 NC_103859.fasta 60/158
Counting score	 PZ871100.fasta 61/158
Counting score	 PQ621121.fasta 62/158
Counting score	 PX521587.fasta 63/158
Counting score	 PZ256265.fasta 64/158
Counting score	 PX974332.fasta 65/158
Counting score	 PZ445539.fasta 66/158
Counting score	 PZ445454.fasta 67/158
Counting score	 PX915675.fasta 68/158
Counting score	 PZ715804.fasta 69/158
Counting score	 PZ445546.fasta 70/158
Counting score	 PZ445467.fasta 71/158
Counting score	 PX848766.fasta 72/158
Counting score	 PZ721903.fasta 73/158
Counting score	 OR090977.fasta 74/158
Counting score	 PZ055531.fasta 75/158
Counting score	 PZ379542.fasta 76/158
Counting score	 PZ156446.fasta 77/158
Counting score	 PQ400079.fasta 78/158
Counting score	 PZ465525.fasta 79/158
Counting score	 PZ156442.fasta 80/158
Counting score	 PZ154895.fasta 81/158
Counting score	 PZ344153.fasta 82/158
Counting score	 PZ055535.fasta 83/158
Counting score	 NC_104631.fasta 84/158
Counting score	 PZ533742.fasta 85/158
Counting score	 PZ533729.fasta 86/158
Counting score	 PZ618370.fasta 87/158
Counting score	 NC_105792.fasta 88/158
Counting score	 PX131005.fasta 89/158
Counting score	 PZ445497.fasta 90/158
Counting score	 PX502252.fasta 91/158
Counting score	 PZ445492.fasta 92/158
Counting score	 PX418922.fasta 93/158
Counting score	 PZ445540.fasta 94/158
Counting score	 PZ533738.fasta 95/158
Counting score	 PZ324408.fasta 96/158
Counting score	 PZ049694.fasta 97/158
Counting score	 PZ386969.fasta 98/158
Counting score	 PZ278545.fasta 99/158
Counting score	 PZ168832.fasta 100/158
Counting score	 PZ229304.fasta 101/158
Counting score	 PV946933.fasta 102/158
Counting score	 PZ786312.fasta 103/158
Counting score	 PZ445503.fasta 104/158
Counting score	 PZ379074.fasta 105/158
Counting score	 PZ445430.fasta 106/158
Counting score	 PZ445440.fasta 107/158
Counting score	 PX974333.fasta 108/158
Counting score	 PZ445452.fasta 109/158
Counting score	 PZ445464.fasta 110/158
Counting score	 PZ445456.fasta 111/158
Counting score	 PZ445471.fasta 112/158
Counting score	 PZ465523.fasta 113/158
Counting score	 PZ055533.fasta 114/158
Counting score	 PZ534511.fasta 115/158
Counting score	 PZ943414.fasta 116/158
Counting score	 PZ386959.fasta 117/158
Counting score	 PX655591.fasta 118/158
Counting score	 PZ540269.fasta 119/158
Counting score	 PQ724394.fasta 120/158
Counting score	 PZ050807.fasta 121/158
Counting score	 PX670399.fasta 122/158
Counting score	 PZ311406.fasta 123/158
Counting score	 PZ917099.fasta 124/158
Counting score	 PZ871095.fasta 125/158
Counting score	 PZ445407.fasta 126/158
Counting score	 PV963843.fasta 127/158
Counting score	 PZ440474.fasta 128/158
Counting score	 PZ554334.fasta 129/158
Counting score	 PV871783.fasta 130/158
Counting score	 PZ496581.fasta 131/158
Counting score	 PX502238.fasta 132/158
Counting score	 PV833093.fasta 133/158
Counting score	 OQ863736.fasta 134/158
Counting score	 NC_129957.fasta 135/158
Counting score	 PX880099.fasta 136/158
Counting score	 PX880101.fasta 137/158
Counting score	 PZ445439.fasta 138/158
Counting score	 PZ445431.fasta 139/158
Counting score	 PZ671982.fasta 140/158
Counting score	 PZ379296.fasta 141/158
Counting score	 PX985798.fasta 142/158
Counting score	 PZ593571.fasta 143/158
Counting score	 PZ244635.fasta 144/158
Counting score	 PX246281.fasta 145/158
Counting score	 PX405663.fasta 146/158
Counting score	 PZ156447.fasta 147/158
Counting score	 PZ445436.fasta 148/158
Counting score	 PZ452604.fasta 149/158
Counting score	 PZ379185.fasta 150/158
Counting score	 PZ379550.fasta 151/158
Counting score	 PX946034.fasta 152/158
Counting score	 PZ137471.fasta 153/158
Counting score	 PX872921.fasta 154/158
Counting score	 PZ534515.fasta 155/158
Counting score	 PZ386974.fasta 156/158
Counting score	 PZ445415.fasta 157/158
Counting score	 PZ278544.fasta 158/158
